{
  "version": "1.5.0",
  "plugins_used": [
    {
      "name": "ArtifactoryDetector"
    },
    {
      "name": "AWSKeyDetector"
    },
    {
      "name": "AzureStorageKeyDetector"
    },
    {
      "name": "Base64HighEntropyString",
      "limit": 4.5
    },
    {
      "name": "BasicAuthDetector"
    },
    {
      "name": "CloudantDetector"
    },
    {
      "name": "DiscordBotTokenDetector"
    },
    {
      "name": "GitHubTokenDetector"
    },
    {
      "name": "GitLabTokenDetector"
    },
    {
      "name": "HexHighEntropyString",
      "limit": 3.0
    },
    {
      "name": "IbmCloudIamDetector"
    },
    {
      "name": "IbmCosHmacDetector"
    },
    {
      "name": "IPPublicDetector"
    },
    {
      "name": "JwtTokenDetector"
    },
    {
      "name": "KeywordDetector",
      "keyword_exclude": ""
    },
    {
      "name": "MailchimpDetector"
    },
    {
      "name": "NpmDetector"
    },
    {
      "name": "OpenAIDetector"
    },
    {
      "name": "PrivateKeyDetector"
    },
    {
      "name": "PypiTokenDetector"
    },
    {
      "name": "SendGridDetector"
    },
    {
      "name": "SlackDetector"
    },
    {
      "name": "SoftlayerDetector"
    },
    {
      "name": "SquareOAuthDetector"
    },
    {
      "name": "StripeDetector"
    },
    {
      "name": "TelegramBotTokenDetector"
    },
    {
      "name": "TwilioKeyDetector"
    }
  ],
  "filters_used": [
    {
      "path": "detect_secrets.filters.allowlist.is_line_allowlisted"
    },
    {
      "path": "detect_secrets.filters.common.is_baseline_file",
      "filename": ".secrets.baseline"
    },
    {
      "path": "detect_secrets.filters.common.is_ignored_due_to_verification_policies",
      "min_level": 2
    },
    {
      "path": "detect_secrets.filters.heuristic.is_indirect_reference"
    },
    {
      "path": "detect_secrets.filters.heuristic.is_likely_id_string"
    },
    {
      "path": "detect_secrets.filters.heuristic.is_lock_file"
    },
    {
      "path": "detect_secrets.filters.heuristic.is_not_alphanumeric_string"
    },
    {
      "path": "detect_secrets.filters.heuristic.is_potential_uuid"
    },
    {
      "path": "detect_secrets.filters.heuristic.is_prefixed_with_dollar_sign"
    },
    {
      "path": "detect_secrets.filters.heuristic.is_sequential_string"
    },
    {
      "path": "detect_secrets.filters.heuristic.is_swagger_file"
    },
    {
      "path": "detect_secrets.filters.heuristic.is_templated_secret"
    },
    {
      "path": "detect_secrets.filters.regex.should_exclude_line",
      "pattern": [
        "^\\s*\"(?:sha256|[a-z0-9_]+_sha256)\"\\s*:\\s*\"[0-9a-f]{64}\",?\\s*$",
        "^\\s*\"(?:commit|source_commit)\"\\s*:\\s*\"[0-9a-f]{40}\",?\\s*$",
        "^\\s*\"dhash\"\\s*:\\s*\"[0-9a-f]{64}\",?\\s*$",
        "^\\s*\"color\"\\s*:\\s*\"(?:[01][0-9a-f]){192}\",?\\s*$",
        "^\\s*\"_regelstand\"\\s*:\\s*\"[0-9a-f]{12}\",?\\s*$"
      ]
    }
  ],
  "results": {
    ".github/workflows/studio.yml": [
      {
        "type": "Secret Keyword",
        "filename": ".github/workflows/studio.yml",
        "hashed_secret": "331eda386f5695352fd0660a4e05fca692a45205",
        "is_verified": false,
        "line_number": 91,
        "is_secret": false
      }
    ],
    "core/fixtures/neutral/ai-egress-preflight/egress_preflight_cases.json": [
      {
        "type": "Private Key",
        "filename": "core/fixtures/neutral/ai-egress-preflight/egress_preflight_cases.json",
        "hashed_secret": "1348b145fa1a555461c1b790a2f66614781091e9",
        "is_verified": false,
        "line_number": 44,
        "is_secret": false
      }
    ],
    "docs/plans/UMSETZUNGSPLAN_SUPERVERSION.md": [
      {
        "type": "Secret Keyword",
        "filename": "docs/plans/UMSETZUNGSPLAN_SUPERVERSION.md",
        "hashed_secret": "7cfeab765cd594e733614215e82ddf4cbff0ffef",
        "is_verified": false,
        "line_number": 317,
        "is_secret": false
      }
    ],
    "internal/archive/tooling/project_mgmt/workday_end.ps1": [
      {
        "type": "Base64 High Entropy String",
        "filename": "internal/archive/tooling/project_mgmt/workday_end.ps1",
        "hashed_secret": "690b9f1db59e46062fb4b4bd6a11b4219c76a25d",
        "is_verified": false,
        "line_number": 16,
        "is_secret": false
      }
    ],
    "internal/continuity/runbook.md": [
      {
        "type": "Secret Keyword",
        "filename": "internal/continuity/runbook.md",
        "hashed_secret": "fb17c437408f533b0eaba43d13cd0f908273f2dd",
        "is_verified": false,
        "line_number": 354,
        "is_secret": false
      }
    ],
    "products/fabric/orchestrator/README.md": [
      {
        "type": "Secret Keyword",
        "filename": "products/fabric/orchestrator/README.md",
        "hashed_secret": "c303df00cd0a72b21c62900b758b06fc541664ce",
        "is_verified": false,
        "line_number": 204,
        "is_secret": false
      }
    ],
    "products/fabric/powerbi/deployment/USAGE.md": [
      {
        "type": "Secret Keyword",
        "filename": "products/fabric/powerbi/deployment/USAGE.md",
        "hashed_secret": "c303df00cd0a72b21c62900b758b06fc541664ce",
        "is_verified": false,
        "line_number": 115,
        "is_secret": false
      }
    ],
    "products/fabric/powerbi/deployment/credentials/credentials_template.json": [
      {
        "type": "Secret Keyword",
        "filename": "products/fabric/powerbi/deployment/credentials/credentials_template.json",
        "hashed_secret": "f4a620b9ccc609e2d15f066b73ec53258eb628a2",
        "is_verified": false,
        "line_number": 7,
        "is_secret": false
      }
    ],
    "products/fabric/powerbi/deployment/scripts/modules/tests/test_misc_functions.py": [
      {
        "type": "Hex High Entropy String",
        "filename": "products/fabric/powerbi/deployment/scripts/modules/tests/test_misc_functions.py",
        "hashed_secret": "24fa1fc24fe90680fbab24833b1756260cdce1a6",
        "is_verified": false,
        "line_number": 28,
        "is_secret": false
      }
    ],
    "products/fabric/powerbi/deployment/scripts/tests/test_secret_not_in_argv.py": [
      {
        "type": "Secret Keyword",
        "filename": "products/fabric/powerbi/deployment/scripts/tests/test_secret_not_in_argv.py",
        "hashed_secret": "b64b493e90995faf9a32965d63e6213e2d22a573",
        "is_verified": false,
        "line_number": 28,
        "is_secret": false
      }
    ],
    "products/fabric/powerbi/dist/FIN-001_Cash_Liquidity_Performance.Report/.platform": [
      {
        "type": "Base64 High Entropy String",
        "filename": "products/fabric/powerbi/dist/FIN-001_Cash_Liquidity_Performance.Report/.platform",
        "hashed_secret": "7beea899e9f717948d6f46b20bf37c5e3c4e62f3",
        "is_verified": false,
        "line_number": 5,
        "is_secret": false
      }
    ],
    "products/fabric/powerbi/docs/references/pbir-filter-pane.md": [
      {
        "type": "Hex High Entropy String",
        "filename": "products/fabric/powerbi/docs/references/pbir-filter-pane.md",
        "hashed_secret": "1d817163d62779c4a579ad77f122cf0843fdec5d",
        "is_verified": false,
        "line_number": 45,
        "is_secret": false
      }
    ],
    "products/fabric/powerbi/docs/references/pbir-structure.md": [
      {
        "type": "Hex High Entropy String",
        "filename": "products/fabric/powerbi/docs/references/pbir-structure.md",
        "hashed_secret": "cb3b22d0ba967e16c4bbb9e8344c280881a02237",
        "is_verified": false,
        "line_number": 158,
        "is_secret": false
      },
      {
        "type": "Hex High Entropy String",
        "filename": "products/fabric/powerbi/docs/references/pbir-structure.md",
        "hashed_secret": "acba5d36636137d7b905b4de757b615b7898035c",
        "is_verified": false,
        "line_number": 203,
        "is_secret": false
      }
    ],
    "products/fabric/powerbi/tooling/page_scaffold_generator/tests/test_visual_validator.py": [
      {
        "type": "Hex High Entropy String",
        "filename": "products/fabric/powerbi/tooling/page_scaffold_generator/tests/test_visual_validator.py",
        "hashed_secret": "9f5c0e52760eede294e4eb78c3f1c888a8c2af01",
        "is_verified": false,
        "line_number": 172,
        "is_secret": false
      }
    ],
    "products/fabric/powerbi/tooling/scripts/convert_main2_waterfall.py": [
      {
        "type": "Base64 High Entropy String",
        "filename": "products/fabric/powerbi/tooling/scripts/convert_main2_waterfall.py",
        "hashed_secret": "7beea899e9f717948d6f46b20bf37c5e3c4e62f3",
        "is_verified": false,
        "line_number": 38,
        "is_secret": false
      }
    ],
    "studio/.env.example": [
      {
        "type": "Secret Keyword",
        "filename": "studio/.env.example",
        "hashed_secret": "a5c01e694764bcf09315443c6476e283e6f77906",
        "is_verified": false,
        "line_number": 3,
        "is_secret": false
      }
    ],
    "studio/docs/design-bundle/project/Report Templates.html": [
      {
        "type": "Base64 High Entropy String",
        "filename": "studio/docs/design-bundle/project/Report Templates.html",
        "hashed_secret": "15cec270f44d7f4f1751d3f3ba0c59de746d783e",
        "is_verified": false,
        "line_number": 14,
        "is_secret": false
      },
      {
        "type": "Base64 High Entropy String",
        "filename": "studio/docs/design-bundle/project/Report Templates.html",
        "hashed_secret": "9d4f0dbeba51b67921005512a26e5e651bedb626",
        "is_verified": false,
        "line_number": 15,
        "is_secret": false
      },
      {
        "type": "Base64 High Entropy String",
        "filename": "studio/docs/design-bundle/project/Report Templates.html",
        "hashed_secret": "eadc3f93238dda49ec69d9ffa9416a74f348d9ca",
        "is_verified": false,
        "line_number": 16,
        "is_secret": false
      }
    ],
    "studio/docs/design-bundle/project/Studio.html": [
      {
        "type": "Base64 High Entropy String",
        "filename": "studio/docs/design-bundle/project/Studio.html",
        "hashed_secret": "15cec270f44d7f4f1751d3f3ba0c59de746d783e",
        "is_verified": false,
        "line_number": 99,
        "is_secret": false
      },
      {
        "type": "Base64 High Entropy String",
        "filename": "studio/docs/design-bundle/project/Studio.html",
        "hashed_secret": "9d4f0dbeba51b67921005512a26e5e651bedb626",
        "is_verified": false,
        "line_number": 100,
        "is_secret": false
      },
      {
        "type": "Base64 High Entropy String",
        "filename": "studio/docs/design-bundle/project/Studio.html",
        "hashed_secret": "eadc3f93238dda49ec69d9ffa9416a74f348d9ca",
        "is_verified": false,
        "line_number": 101,
        "is_secret": false
      }
    ],
    "studio/docs/design-reference/html/studio_index.html": [
      {
        "type": "Base64 High Entropy String",
        "filename": "studio/docs/design-reference/html/studio_index.html",
        "hashed_secret": "15cec270f44d7f4f1751d3f3ba0c59de746d783e",
        "is_verified": false,
        "line_number": 14,
        "is_secret": false
      },
      {
        "type": "Base64 High Entropy String",
        "filename": "studio/docs/design-reference/html/studio_index.html",
        "hashed_secret": "9d4f0dbeba51b67921005512a26e5e651bedb626",
        "is_verified": false,
        "line_number": 15,
        "is_secret": false
      },
      {
        "type": "Base64 High Entropy String",
        "filename": "studio/docs/design-reference/html/studio_index.html",
        "hashed_secret": "eadc3f93238dda49ec69d9ffa9416a74f348d9ca",
        "is_verified": false,
        "line_number": 16,
        "is_secret": false
      }
    ],
    "studio/docs/design/PROJECT_RUNNER_HOST.md": [
      {
        "type": "Secret Keyword",
        "filename": "studio/docs/design/PROJECT_RUNNER_HOST.md",
        "hashed_secret": "33e9196b216581c162208f8cdf844f3c7c4ad8e9",
        "is_verified": false,
        "line_number": 53,
        "is_secret": false
      }
    ],
    "studio/docs/rebuild/MOCKUP_REFERENCE/Report Templates.html": [
      {
        "type": "Base64 High Entropy String",
        "filename": "studio/docs/rebuild/MOCKUP_REFERENCE/Report Templates.html",
        "hashed_secret": "15cec270f44d7f4f1751d3f3ba0c59de746d783e",
        "is_verified": false,
        "line_number": 14,
        "is_secret": false
      },
      {
        "type": "Base64 High Entropy String",
        "filename": "studio/docs/rebuild/MOCKUP_REFERENCE/Report Templates.html",
        "hashed_secret": "9d4f0dbeba51b67921005512a26e5e651bedb626",
        "is_verified": false,
        "line_number": 15,
        "is_secret": false
      },
      {
        "type": "Base64 High Entropy String",
        "filename": "studio/docs/rebuild/MOCKUP_REFERENCE/Report Templates.html",
        "hashed_secret": "eadc3f93238dda49ec69d9ffa9416a74f348d9ca",
        "is_verified": false,
        "line_number": 16,
        "is_secret": false
      }
    ],
    "studio/docs/rebuild/MOCKUP_REFERENCE/Studio.html": [
      {
        "type": "Base64 High Entropy String",
        "filename": "studio/docs/rebuild/MOCKUP_REFERENCE/Studio.html",
        "hashed_secret": "15cec270f44d7f4f1751d3f3ba0c59de746d783e",
        "is_verified": false,
        "line_number": 99,
        "is_secret": false
      },
      {
        "type": "Base64 High Entropy String",
        "filename": "studio/docs/rebuild/MOCKUP_REFERENCE/Studio.html",
        "hashed_secret": "9d4f0dbeba51b67921005512a26e5e651bedb626",
        "is_verified": false,
        "line_number": 100,
        "is_secret": false
      },
      {
        "type": "Base64 High Entropy String",
        "filename": "studio/docs/rebuild/MOCKUP_REFERENCE/Studio.html",
        "hashed_secret": "eadc3f93238dda49ec69d9ffa9416a74f348d9ca",
        "is_verified": false,
        "line_number": 101,
        "is_secret": false
      }
    ],
    "studio/src/lib/secrets/index.ts": [
      {
        "type": "Secret Keyword",
        "filename": "studio/src/lib/secrets/index.ts",
        "hashed_secret": "920f8f5815b381ea692e9e7c2f7119f2b1aa620a",
        "is_verified": false,
        "line_number": 17,
        "is_secret": false
      }
    ],
    "studio/tests/api/project-package-routes.test.ts": [
      {
        "type": "Hex High Entropy String",
        "filename": "studio/tests/api/project-package-routes.test.ts",
        "hashed_secret": "244f421f896bdcdd2784dccf4eaf7c8dfd5189b5",
        "is_verified": false,
        "line_number": 37,
        "is_secret": false
      }
    ],
    "studio/tests/lib/auth-session.test.ts": [
      {
        "type": "Secret Keyword",
        "filename": "studio/tests/lib/auth-session.test.ts",
        "hashed_secret": "fa9beb99e4029ad5a6615399e7bbae21356086b3",
        "is_verified": false,
        "line_number": 52,
        "is_secret": false
      },
      {
        "type": "Secret Keyword",
        "filename": "studio/tests/lib/auth-session.test.ts",
        "hashed_secret": "5ed90d7f0b4ef465d336405250fafe852e6ab52b",
        "is_verified": false,
        "line_number": 68,
        "is_secret": false
      }
    ],
    "studio/tests/lib/project-package-repository-bridge.test.ts": [
      {
        "type": "Hex High Entropy String",
        "filename": "studio/tests/lib/project-package-repository-bridge.test.ts",
        "hashed_secret": "244f421f896bdcdd2784dccf4eaf7c8dfd5189b5",
        "is_verified": false,
        "line_number": 67,
        "is_secret": false
      }
    ],
    "studio/tests/lib/runner-access.test.ts": [
      {
        "type": "Base64 High Entropy String",
        "filename": "studio/tests/lib/runner-access.test.ts",
        "hashed_secret": "6755644270aaad8df57fd3fd3daf13a1ff005192",
        "is_verified": false,
        "line_number": 29,
        "is_secret": false
      },
      {
        "type": "Base64 High Entropy String",
        "filename": "studio/tests/lib/runner-access.test.ts",
        "hashed_secret": "c63fd17f39b6bb45e6b9fcc58628abfe862def6f",
        "is_verified": false,
        "line_number": 52,
        "is_secret": false
      }
    ],
    "studio/tests/lib/secrets.test.ts": [
      {
        "type": "Secret Keyword",
        "filename": "studio/tests/lib/secrets.test.ts",
        "hashed_secret": "c6074a378f5827b9b90f58db5f32dc5530179aef",
        "is_verified": false,
        "line_number": 27,
        "is_secret": false
      },
      {
        "type": "Secret Keyword",
        "filename": "studio/tests/lib/secrets.test.ts",
        "hashed_secret": "920f8f5815b381ea692e9e7c2f7119f2b1aa620a",
        "is_verified": false,
        "line_number": 59,
        "is_secret": false
      },
      {
        "type": "Secret Keyword",
        "filename": "studio/tests/lib/secrets.test.ts",
        "hashed_secret": "5f26e6542d8b0871e87eec5cc2ff3481208b2943",
        "is_verified": false,
        "line_number": 60,
        "is_secret": false
      },
      {
        "type": "Secret Keyword",
        "filename": "studio/tests/lib/secrets.test.ts",
        "hashed_secret": "a64c89f2592b4dcccad86640cb7e063cc91e171e",
        "is_verified": false,
        "line_number": 75,
        "is_secret": false
      }
    ],
    "studio/tests/lib/setup-preflight.test.ts": [
      {
        "type": "Secret Keyword",
        "filename": "studio/tests/lib/setup-preflight.test.ts",
        "hashed_secret": "80b3364deb09ee4c7f775a999a72ccb433d596c9",
        "is_verified": false,
        "line_number": 55,
        "is_secret": false
      },
      {
        "type": "Secret Keyword",
        "filename": "studio/tests/lib/setup-preflight.test.ts",
        "hashed_secret": "a64c89f2592b4dcccad86640cb7e063cc91e171e",
        "is_verified": false,
        "line_number": 56,
        "is_secret": false
      }
    ],
    "tooling/project_mgmt/.env.example": [
      {
        "type": "GitHub Token",
        "filename": "tooling/project_mgmt/.env.example",
        "hashed_secret": "e175c6f5f2a92e8623bd9a4820edb4e8c1b0fd10",
        "is_verified": false,
        "line_number": 2,
        "is_secret": false
      }
    ],
    "tooling/tests/test_business_objects.py": [
      {
        "type": "Hex High Entropy String",
        "filename": "tooling/tests/test_business_objects.py",
        "hashed_secret": "7e7231324775c94a2382a0aa13de2cacb5c93a93",
        "is_verified": false,
        "line_number": 32,
        "is_secret": false
      }
    ],
    "tooling/tests/test_connector_sap.py": [
      {
        "type": "Secret Keyword",
        "filename": "tooling/tests/test_connector_sap.py",
        "hashed_secret": "e5e9fa1ba31ecd1ae84f75caaa474f3a663f05f4",
        "is_verified": false,
        "line_number": 115,
        "is_secret": false
      }
    ],
    "tooling/tests/test_project_runner_host.py": [
      {
        "type": "Secret Keyword",
        "filename": "tooling/tests/test_project_runner_host.py",
        "hashed_secret": "603f89d7e4880c46edf664970820691c8c4b233b",
        "is_verified": false,
        "line_number": 22,
        "is_secret": false
      }
    ],
    "tooling/tests/test_upstream_sources_pins.py": [
      {
        "type": "Hex High Entropy String",
        "filename": "tooling/tests/test_upstream_sources_pins.py",
        "hashed_secret": "e9f514ca951467305c5af1d79449574f8a959d3d",
        "is_verified": false,
        "line_number": 50,
        "is_secret": false
      }
    ],
    "tooling/visual_library/tests/test_zone_vocabulary.py": [
      {
        "type": "Base64 High Entropy String",
        "filename": "tooling/visual_library/tests/test_zone_vocabulary.py",
        "hashed_secret": "7beea899e9f717948d6f46b20bf37c5e3c4e62f3",
        "is_verified": false,
        "line_number": 32,
        "is_secret": false
      }
    ]
  },
  "generated_at": "2026-10-07T17:39:56Z"
}
